// Jest Snapshot v1, https://goo.gl/fbAQLP

exports[`Button tests basic tests matches the snapshot 1`] = `
<button
  aria-label="Test Button"
  className="btn btn-md type-secondary "
  disabled={false}
  onClick={[Function]}
  type="button"
>
  <svg
    fill="currentColor"
    height="1em"
    stroke="currentColor"
    strokeWidth="0"
    style={
      Object {
        "color": undefined,
      }
    }
    viewBox="0 0 512 512"
    width="1em"
  >
    <path
      d="M173.898 439.404l-166.4-166.4c-9.997-9.997-9.997-26.206 0-36.204l36.203-36.204c9.997-9.998 26.207-9.998 36.204 0L192 312.69 432.095 72.596c9.997-9.997 26.207-9.997 36.204 0l36.203 36.204c9.997 9.997 9.997 26.206 0 36.204l-294.4 294.401c-9.998 9.997-26.207 9.997-36.204-.001z"
    />
  </svg>
   
  ButtonText
   
</button>
`;
