// Jest Snapshot v1, https://goo.gl/fbAQLP

exports[`Spinner tests basic tests matches the snapshot 1`] = `
<div
  className="py-5 text-center"
  data-test-id="spinner"
>
  <div
    className="spinner"
  />
</div>
`;
