// Jest Snapshot v1, https://goo.gl/fbAQLP

exports[`renders correctly 1`] = `
<div
  className="code-instruction-container"
>
  <h2>
    markdown
  </h2>
</div>
`;
