// Jest Snapshot v1, https://goo.gl/fbAQLP

exports[`Lesson Progressbar tests basic tests matches the snapshot 1`] = `
<div
  className="lesson-progress-bar-container progress"
>
  <div
    aria-valuemax={10}
    aria-valuemin={0}
    aria-valuenow={10}
    className="progress-bar lesson-progress-bar cursor-pointer bg-primary"
    onClick={[Function]}
    role="progressbar"
    style={
      Object {
        "width": "100%",
      }
    }
  />
  <div
    aria-valuemax={10}
    aria-valuemin={0}
    aria-valuenow={10}
    className="progress-bar lesson-progress-bar cursor-pointer bg-primary"
    onClick={[Function]}
    role="progressbar"
    style={
      Object {
        "width": "100%",
      }
    }
  />
  <div
    aria-valuemax={10}
    aria-valuemin={0}
    aria-valuenow={10}
    className="progress-bar lesson-progress-bar cursor-pointer bg-primary"
    onClick={[Function]}
    role="progressbar"
    style={
      Object {
        "width": "100%",
      }
    }
  />
  <div
    aria-valuemax={10}
    aria-valuemin={0}
    aria-valuenow={10}
    className="progress-bar lesson-progress-bar cursor-pointer bg-primary"
    onClick={[Function]}
    role="progressbar"
    style={
      Object {
        "width": "100%",
      }
    }
  />
  <div
    aria-valuemax={10}
    aria-valuemin={0}
    aria-valuenow={10}
    className="progress-bar lesson-progress-bar cursor-pointer bg-primary"
    onClick={[Function]}
    role="progressbar"
    style={
      Object {
        "width": "100%",
      }
    }
  />
  <div
    aria-valuemax={10}
    aria-valuemin={0}
    aria-valuenow={10}
    className="progress-bar lesson-progress-bar cursor-pointer bg-secondary"
    onClick={[Function]}
    role="progressbar"
    style={
      Object {
        "width": "100%",
      }
    }
  />
  <div
    aria-valuemax={10}
    aria-valuemin={0}
    aria-valuenow={10}
    className="progress-bar lesson-progress-bar cursor-pointer bg-secondary"
    onClick={[Function]}
    role="progressbar"
    style={
      Object {
        "width": "100%",
      }
    }
  />
  <div
    aria-valuemax={10}
    aria-valuemin={0}
    aria-valuenow={10}
    className="progress-bar lesson-progress-bar cursor-pointer bg-secondary"
    onClick={[Function]}
    role="progressbar"
    style={
      Object {
        "width": "100%",
      }
    }
  />
  <div
    aria-valuemax={10}
    aria-valuemin={0}
    aria-valuenow={10}
    className="progress-bar lesson-progress-bar cursor-pointer bg-secondary"
    onClick={[Function]}
    role="progressbar"
    style={
      Object {
        "width": "100%",
      }
    }
  />
  <div
    aria-valuemax={10}
    aria-valuemin={0}
    aria-valuenow={10}
    className="progress-bar lesson-progress-bar cursor-pointer bg-secondary"
    onClick={[Function]}
    role="progressbar"
    style={
      Object {
        "width": "100%",
      }
    }
  />
</div>
`;
